{
  "version": "1.5.0",
  "plugins_used": [
    {
      "name": "ArtifactoryDetector"
    },
    {
      "name": "AWSKeyDetector"
    },
    {
      "name": "AzureStorageKeyDetector"
    },
    {
      "name": "Base64HighEntropyString",
      "limit": 4.5
    },
    {
      "name": "BasicAuthDetector"
    },
    {
      "name": "CloudantDetector"
    },
    {
      "name": "DiscordBotTokenDetector"
    },
    {
      "name": "GitHubTokenDetector"
    },
    {
      "name": "GitLabTokenDetector"
    },
    {
      "name": "HexHighEntropyString",
      "limit": 3.0
    },
    {
      "name": "IbmCloudIamDetector"
    },
    {
      "name": "IbmCosHmacDetector"
    },
    {
      "name": "IPPublicDetector"
    },
    {
      "name": "JwtTokenDetector"
    },
    {
      "name": "KeywordDetector",
      "keyword_exclude": ""
    },
    {
      "name": "MailchimpDetector"
    },
    {
      "name": "NpmDetector"
    },
    {
      "name": "OpenAIDetector"
    },
    {
      "name": "PrivateKeyDetector"
    },
    {
      "name": "PypiTokenDetector"
    },
    {
      "name": "SendGridDetector"
    },
    {
      "name": "SlackDetector"
    },
    {
      "name": "SoftlayerDetector"
    },
    {
      "name": "SquareOAuthDetector"
    },
    {
      "name": "StripeDetector"
    },
    {
      "name": "TelegramBotTokenDetector"
    },
    {
      "name": "TwilioKeyDetector"
    }
  ],
  "filters_used": [
    {
      "path": "detect_secrets.filters.allowlist.is_line_allowlisted"
    },
    {
      "path": "detect_secrets.filters.common.is_baseline_file",
      "filename": ".secrets.baseline"
    },
    {
      "path": "detect_secrets.filters.common.is_ignored_due_to_verification_policies",
      "min_level": 2
    },
    {
      "path": "detect_secrets.filters.heuristic.is_indirect_reference"
    },
    {
      "path": "detect_secrets.filters.heuristic.is_likely_id_string"
    },
    {
      "path": "detect_secrets.filters.heuristic.is_lock_file"
    },
    {
      "path": "detect_secrets.filters.heuristic.is_not_alphanumeric_string"
    },
    {
      "path": "detect_secrets.filters.heuristic.is_potential_uuid"
    },
    {
      "path": "detect_secrets.filters.heuristic.is_prefixed_with_dollar_sign"
    },
    {
      "path": "detect_secrets.filters.heuristic.is_sequential_string"
    },
    {
      "path": "detect_secrets.filters.heuristic.is_swagger_file"
    },
    {
      "path": "detect_secrets.filters.heuristic.is_templated_secret"
    },
    {
      "path": "detect_secrets.filters.regex.should_exclude_file",
      "pattern": [
        "poetry\\.lock",
        "\\.coverage",
        "htmlcov/.*"
      ]
    }
  ],
  "results": {
    ".env.example": [
      {
        "type": "Basic Auth Credentials",
        "filename": ".env.example",
        "hashed_secret": "21672328ab5c939c8a4324d118b264d9f34b0439",
        "is_verified": false,
        "line_number": 10
      }
    ],
    ".github/workflows/ci-migrations.yaml": [
      {
        "type": "Secret Keyword",
        "filename": ".github/workflows/ci-migrations.yaml",
        "hashed_secret": "a94a8fe5ccb19ba61c4c0873d391e987982fbbd3",
        "is_verified": false,
        "line_number": 21
      },
      {
        "type": "Basic Auth Credentials",
        "filename": ".github/workflows/ci-migrations.yaml",
        "hashed_secret": "a94a8fe5ccb19ba61c4c0873d391e987982fbbd3",
        "is_verified": false,
        "line_number": 57
      }
    ],
    ".github/workflows/composer-deploy-dags.yaml": [
      {
        "type": "Base64 High Entropy String",
        "filename": ".github/workflows/composer-deploy-dags.yaml",
        "hashed_secret": "e3bce37bf5ac63932a2bf5bfd012340807b37180",
        "is_verified": false,
        "line_number": 39
      }
    ],
    ".github/workflows/db-migrate.yaml": [
      {
        "type": "Secret Keyword",
        "filename": ".github/workflows/db-migrate.yaml",
        "hashed_secret": "20690588b18d3b29ad6da6c42247d27fe5cb80dd",
        "is_verified": false,
        "line_number": 175
      }
    ],
    ".github/workflows/main-workflow.yaml": [
      {
        "type": "Secret Keyword",
        "filename": ".github/workflows/main-workflow.yaml",
        "hashed_secret": "86a97c0b7303f3456c35c0231814d11981bcee6e",
        "is_verified": false,
        "line_number": 78
      },
      {
        "type": "Secret Keyword",
        "filename": ".github/workflows/main-workflow.yaml",
        "hashed_secret": "20690588b18d3b29ad6da6c42247d27fe5cb80dd",
        "is_verified": false,
        "line_number": 82
      }
    ],
    ".github/workflows/typesense-maintenance-sync.yaml": [
      {
        "type": "Secret Keyword",
        "filename": ".github/workflows/typesense-maintenance-sync.yaml",
        "hashed_secret": "86a97c0b7303f3456c35c0231814d11981bcee6e",
        "is_verified": false,
        "line_number": 90
      },
      {
        "type": "Secret Keyword",
        "filename": ".github/workflows/typesense-maintenance-sync.yaml",
        "hashed_secret": "20690588b18d3b29ad6da6c42247d27fe5cb80dd",
        "is_verified": false,
        "line_number": 94
      }
    ],
    ".github/workflows/typesense-schema-update.yaml": [
      {
        "type": "Secret Keyword",
        "filename": ".github/workflows/typesense-schema-update.yaml",
        "hashed_secret": "86a97c0b7303f3456c35c0231814d11981bcee6e",
        "is_verified": false,
        "line_number": 50
      },
      {
        "type": "Secret Keyword",
        "filename": ".github/workflows/typesense-schema-update.yaml",
        "hashed_secret": "20690588b18d3b29ad6da6c42247d27fe5cb80dd",
        "is_verified": false,
        "line_number": 149
      }
    ],
    "Makefile": [
      {
        "type": "Basic Auth Credentials",
        "filename": "Makefile",
        "hashed_secret": "21672328ab5c939c8a4324d118b264d9f34b0439",
        "is_verified": false,
        "line_number": 62
      }
    ],
    "_plan/AUTORESEARCH-TREND-DETECTION.md": [
      {
        "type": "Basic Auth Credentials",
        "filename": "_plan/AUTORESEARCH-TREND-DETECTION.md",
        "hashed_secret": "5baa61e4c9b93f3f0682250b6cf8331b7ee68fd8",
        "is_verified": false,
        "line_number": 187
      }
    ],
    "_plan/DAG_PG_TO_HF_DATASET/README.md": [
      {
        "type": "Secret Keyword",
        "filename": "_plan/DAG_PG_TO_HF_DATASET/README.md",
        "hashed_secret": "3f5d78057906652bbf68e06a722f50a5224633ca",
        "is_verified": false,
        "line_number": 374
      }
    ],
    "_plan/TS_SYNC_MOVED_TO_MAIN_WORKFL/TS_SYNC_QUICK_REFERENCE.md": [
      {
        "type": "Secret Keyword",
        "filename": "_plan/TS_SYNC_MOVED_TO_MAIN_WORKFL/TS_SYNC_QUICK_REFERENCE.md",
        "hashed_secret": "40e2a8b676941b0cbf74be960b82be9f2605522e",
        "is_verified": false,
        "line_number": 207
      },
      {
        "type": "Basic Auth Credentials",
        "filename": "_plan/TS_SYNC_MOVED_TO_MAIN_WORKFL/TS_SYNC_QUICK_REFERENCE.md",
        "hashed_secret": "9d4e1e23bd5b727046a9e3b4b7db57bd8d6ee684",
        "is_verified": false,
        "line_number": 208
      }
    ],
    "airflow/.env.example": [
      {
        "type": "Basic Auth Credentials",
        "filename": "airflow/.env.example",
        "hashed_secret": "112bb791304791ddcf692e29fd5cf149b35fea37",
        "is_verified": false,
        "line_number": 2
      }
    ],
    "docs/development/docker-setup.md": [
      {
        "type": "Basic Auth Credentials",
        "filename": "docs/development/docker-setup.md",
        "hashed_secret": "21672328ab5c939c8a4324d118b264d9f34b0439",
        "is_verified": false,
        "line_number": 138
      },
      {
        "type": "Secret Keyword",
        "filename": "docs/development/docker-setup.md",
        "hashed_secret": "21672328ab5c939c8a4324d118b264d9f34b0439",
        "is_verified": false,
        "line_number": 241
      }
    ],
    "docs/development/postgres-manager.md": [
      {
        "type": "Basic Auth Credentials",
        "filename": "docs/development/postgres-manager.md",
        "hashed_secret": "9d4e1e23bd5b727046a9e3b4b7db57bd8d6ee684",
        "is_verified": false,
        "line_number": 30
      },
      {
        "type": "Basic Auth Credentials",
        "filename": "docs/development/postgres-manager.md",
        "hashed_secret": "5baa61e4c9b93f3f0682250b6cf8331b7ee68fd8",
        "is_verified": false,
        "line_number": 372
      }
    ],
    "docs/development/setup.md": [
      {
        "type": "Secret Keyword",
        "filename": "docs/development/setup.md",
        "hashed_secret": "c985dca39457385cdb98f015ab37e4c1c47910ae",
        "is_verified": false,
        "line_number": 81
      },
      {
        "type": "Basic Auth Credentials",
        "filename": "docs/development/setup.md",
        "hashed_secret": "9d4e1e23bd5b727046a9e3b4b7db57bd8d6ee684",
        "is_verified": false,
        "line_number": 309
      }
    ],
    "docs/typesense/data-management.md": [
      {
        "type": "Basic Auth Credentials",
        "filename": "docs/typesense/data-management.md",
        "hashed_secret": "9d4e1e23bd5b727046a9e3b4b7db57bd8d6ee684",
        "is_verified": false,
        "line_number": 81
      }
    ],
    "docs/typesense/setup.md": [
      {
        "type": "Secret Keyword",
        "filename": "docs/typesense/setup.md",
        "hashed_secret": "24ce22de633585cd0ca02107baff09c4ef521da6",
        "is_verified": false,
        "line_number": 179
      }
    ],
    "research/trend-detection/.env.example": [
      {
        "type": "Basic Auth Credentials",
        "filename": "research/trend-detection/.env.example",
        "hashed_secret": "5baa61e4c9b93f3f0682250b6cf8331b7ee68fd8",
        "is_verified": false,
        "line_number": 1
      }
    ],
    "scripts/apply_prod_migrations.py": [
      {
        "type": "Secret Keyword",
        "filename": "scripts/apply_prod_migrations.py",
        "hashed_secret": "c985dca39457385cdb98f015ab37e4c1c47910ae",
        "is_verified": false,
        "line_number": 34
      }
    ],
    "scripts/populate_agencies.py": [
      {
        "type": "Basic Auth Credentials",
        "filename": "scripts/populate_agencies.py",
        "hashed_secret": "5baa61e4c9b93f3f0682250b6cf8331b7ee68fd8",
        "is_verified": false,
        "line_number": 48
      },
      {
        "type": "Secret Keyword",
        "filename": "scripts/populate_agencies.py",
        "hashed_secret": "5baa61e4c9b93f3f0682250b6cf8331b7ee68fd8",
        "is_verified": false,
        "line_number": 58
      }
    ],
    "scripts/populate_themes.py": [
      {
        "type": "Basic Auth Credentials",
        "filename": "scripts/populate_themes.py",
        "hashed_secret": "5baa61e4c9b93f3f0682250b6cf8331b7ee68fd8",
        "is_verified": false,
        "line_number": 48
      },
      {
        "type": "Secret Keyword",
        "filename": "scripts/populate_themes.py",
        "hashed_secret": "5baa61e4c9b93f3f0682250b6cf8331b7ee68fd8",
        "is_verified": false,
        "line_number": 58
      }
    ],
    "scripts/setup_database.sh": [
      {
        "type": "Secret Keyword",
        "filename": "scripts/setup_database.sh",
        "hashed_secret": "b9caebec2a6322010ea7951a2c23d7633ec9c783",
        "is_verified": false,
        "line_number": 45
      }
    ],
    "scripts/sync_prod_to_local.py": [
      {
        "type": "Secret Keyword",
        "filename": "scripts/sync_prod_to_local.py",
        "hashed_secret": "c985dca39457385cdb98f015ab37e4c1c47910ae",
        "is_verified": false,
        "line_number": 57
      },
      {
        "type": "Basic Auth Credentials",
        "filename": "scripts/sync_prod_to_local.py",
        "hashed_secret": "21672328ab5c939c8a4324d118b264d9f34b0439",
        "is_verified": false,
        "line_number": 466
      }
    ],
    "scripts/sync_prod_to_typesense.py": [
      {
        "type": "Secret Keyword",
        "filename": "scripts/sync_prod_to_typesense.py",
        "hashed_secret": "c985dca39457385cdb98f015ab37e4c1c47910ae",
        "is_verified": false,
        "line_number": 39
      },
      {
        "type": "Secret Keyword",
        "filename": "scripts/sync_prod_to_typesense.py",
        "hashed_secret": "86a97c0b7303f3456c35c0231814d11981bcee6e",
        "is_verified": false,
        "line_number": 42
      }
    ],
    "src/data_platform/managers/postgres_manager.py": [
      {
        "type": "Secret Keyword",
        "filename": "src/data_platform/managers/postgres_manager.py",
        "hashed_secret": "5baa61e4c9b93f3f0682250b6cf8331b7ee68fd8",
        "is_verified": false,
        "line_number": 107
      }
    ],
    "tests/integration/conftest.py": [
      {
        "type": "Basic Auth Credentials",
        "filename": "tests/integration/conftest.py",
        "hashed_secret": "21672328ab5c939c8a4324d118b264d9f34b0439",
        "is_verified": false,
        "line_number": 23
      }
    ],
    "tests/integration/test_migrate_integration.py": [
      {
        "type": "Basic Auth Credentials",
        "filename": "tests/integration/test_migrate_integration.py",
        "hashed_secret": "a94a8fe5ccb19ba61c4c0873d391e987982fbbd3",
        "is_verified": false,
        "line_number": 24
      }
    ],
    "tests/unit/config/test_config.py": [
      {
        "type": "Basic Auth Credentials",
        "filename": "tests/unit/config/test_config.py",
        "hashed_secret": "a94a8fe5ccb19ba61c4c0873d391e987982fbbd3",
        "is_verified": false,
        "line_number": 68
      },
      {
        "type": "Secret Keyword",
        "filename": "tests/unit/config/test_config.py",
        "hashed_secret": "d58f8c42247f1cf100bf63f196d93d7d302e8ca9",
        "is_verified": false,
        "line_number": 71
      },
      {
        "type": "Secret Keyword",
        "filename": "tests/unit/config/test_config.py",
        "hashed_secret": "9cea46b39bd44a1ef9f3e71bfe9e45c24d3300f6",
        "is_verified": false,
        "line_number": 202
      }
    ],
    "tests/unit/jobs/graph/test_neo4j_sync.py": [
      {
        "type": "Secret Keyword",
        "filename": "tests/unit/jobs/graph/test_neo4j_sync.py",
        "hashed_secret": "25ab86bed149ca6ca9c1c0d5db7c9a91388ddeab",
        "is_verified": false,
        "line_number": 95
      }
    ],
    "tests/unit/managers/test_postgres_manager.py": [
      {
        "type": "Basic Auth Credentials",
        "filename": "tests/unit/managers/test_postgres_manager.py",
        "hashed_secret": "9d4e1e23bd5b727046a9e3b4b7db57bd8d6ee684",
        "is_verified": false,
        "line_number": 56
      }
    ],
    "tests/unit/test_content_hash_consistency.py": [
      {
        "type": "Hex High Entropy String",
        "filename": "tests/unit/test_content_hash_consistency.py",
        "hashed_secret": "e8d1dadee5c68fefc3a7dc23333668e2a61a52ff",
        "is_verified": false,
        "line_number": 32
      },
      {
        "type": "Hex High Entropy String",
        "filename": "tests/unit/test_content_hash_consistency.py",
        "hashed_secret": "02977e26cee7e4458dc89baf0759a69d36c71965",
        "is_verified": false,
        "line_number": 35
      }
    ],
    "tests/unit/typesense/test_client.py": [
      {
        "type": "Secret Keyword",
        "filename": "tests/unit/typesense/test_client.py",
        "hashed_secret": "e48c47f1431afd3bb030deea266b4309e2228c5b",
        "is_verified": false,
        "line_number": 23
      },
      {
        "type": "Secret Keyword",
        "filename": "tests/unit/typesense/test_client.py",
        "hashed_secret": "00942f4668670f34c5943cf52c7ef3139fe2b8d6",
        "is_verified": false,
        "line_number": 60
      },
      {
        "type": "Secret Keyword",
        "filename": "tests/unit/typesense/test_client.py",
        "hashed_secret": "0b8d37ac0768fc1fc701b0c5e8d2af6d3cb3856b",
        "is_verified": false,
        "line_number": 76
      },
      {
        "type": "Secret Keyword",
        "filename": "tests/unit/typesense/test_client.py",
        "hashed_secret": "a62f2225bf70bfaccbc7f1ef2a397836717377de",
        "is_verified": false,
        "line_number": 96
      },
      {
        "type": "Secret Keyword",
        "filename": "tests/unit/typesense/test_client.py",
        "hashed_secret": "2fa5d3b4c6646a17d8b54637eb61bfe87f754700",
        "is_verified": false,
        "line_number": 118
      }
    ]
  },
  "generated_at": "2026-08-13T15:20:41Z"
}
